// Jest Snapshot v1, https://goo.gl/fbAQLP

exports[`Plan date view on recipe no plan date selected 1`] = `null`;
